// Jest Snapshot v1, https://goo.gl/fbAQLP

exports[`<Components /> <BackButton /> renders correctly 1`] = `null`;

exports[`<Components /> <Background /> renders correctly 1`] = `null`;

exports[`<Components /> <Button /> renders correctly 1`] = `null`;

exports[`<Components /> <Footer /> renders correctly 1`] = `null`;

exports[`<Components /> <Header /> renders correctly 1`] = `null`;

exports[`<Components /> <Logo /> renders correctly 1`] = `null`;

exports[`<Components /> <Paragraph /> renders correctly 1`] = `null`;
